
> dev
> astro dev --host 127.0.0.1 --port 4321

05:07:36 [types] Generated 2ms

 astro  v4.16.19 ready in 444 ms

┃ Local    http://127.0.0.1:4321/

05:07:37 watching for file changes...

 update  ▶ New version of Astro available: 6.3.7
  Run npx @astrojs/upgrade to update

05:08:05 [200] /blog/layering-moda-urbana-pantaloni-snur-lung/ 13ms
05:14:59 [watch] src/data/seoSite.ts
05:15:00 [200] /blog/layering-moda-urbana-pantaloni-snur-lung/ 8ms
05:15:13 [watch] src/data/seoSite.ts
05:15:14 [200] /blog/layering-moda-urbana-pantaloni-snur-lung/ 8ms
05:15:24 [watch] src/components/ContentPage.astro
05:15:25 [200] /blog/layering-moda-urbana-pantaloni-snur-lung/ 8ms
05:15:40 [watch] /src/styles/global.css
05:17:06 [watch] src/data/programmaticFashionSeo1000Posts2026.ts
05:17:06 [200] /blog/layering-moda-urbana-pantaloni-snur-lung/ 7ms
05:18:19 [200] /blog/cum-asortezi-pantalonii-bej-pentru-tinute-casual/ 3ms
05:32:31 Configuration file updated. Restarting...
05:32:31 [types] Generated 2ms
05:32:33 [200] /blog/cum-asortezi-pantalonii-bej-pentru-tinute-casual/ 15ms
05:32:44 [watch] src/components/SEOHead.astro
05:32:44 [200] /blog/cum-asortezi-pantalonii-bej-pentru-tinute-casual/ 5ms
05:32:51 [watch] src/layouts/Layout.astro
05:32:51 [200] /blog/cum-asortezi-pantalonii-bej-pentru-tinute-casual/ 5ms
05:33:49 [watch] src/pages/sitemap.xml.ts
05:33:49 [200] /blog/cum-asortezi-pantalonii-bej-pentru-tinute-casual/ 5ms
05:35:57 [watch] src/data/seoSite.ts
05:35:58 [WARN] [router] A `getStaticPaths()` route pattern was matched, but no matching static path was found for requested path `/blog/cum-asortezi-pantalonii-bej-pentru-tinute-casual/`.

Possible dynamic routes being matched: src/pages/blog/[...slug].astro, src/pages/[...slug].astro.
05:35:58 [404] /blog/cum-asortezi-pantalonii-bej-pentru-tinute-casual/ 4ms
22:43:39 [WARN] [router] A `getStaticPaths()` route pattern was matched, but no matching static path was found for requested path `/blog/cum-asortezi-pantalonii-bej-pentru-tinute-casual/`.

Possible dynamic routes being matched: src/pages/blog/[...slug].astro, src/pages/[...slug].astro.
22:43:39 [404] /blog/cum-asortezi-pantalonii-bej-pentru-tinute-casual/ 51ms
22:45:52 [watch] src/data/seoSite.ts
22:45:52 [WARN] [router] A `getStaticPaths()` route pattern was matched, but no matching static path was found for requested path `/blog/cum-asortezi-pantalonii-bej-pentru-tinute-casual/`.

Possible dynamic routes being matched: src/pages/blog/[...slug].astro, src/pages/[...slug].astro.
22:45:52 [404] /blog/cum-asortezi-pantalonii-bej-pentru-tinute-casual/ 3ms
22:46:02 [watch] src/components/ContentPage.astro
22:46:03 [WARN] [router] A `getStaticPaths()` route pattern was matched, but no matching static path was found for requested path `/blog/cum-asortezi-pantalonii-bej-pentru-tinute-casual/`.

Possible dynamic routes being matched: src/pages/blog/[...slug].astro, src/pages/[...slug].astro.
22:46:03 [404] /blog/cum-asortezi-pantalonii-bej-pentru-tinute-casual/ 2ms
22:46:13 [watch] src/components/Header.astro
22:46:14 [WARN] [router] A `getStaticPaths()` route pattern was matched, but no matching static path was found for requested path `/blog/cum-asortezi-pantalonii-bej-pentru-tinute-casual/`.

Possible dynamic routes being matched: src/pages/blog/[...slug].astro, src/pages/[...slug].astro.
22:46:14 [404] /blog/cum-asortezi-pantalonii-bej-pentru-tinute-casual/ 6ms
22:46:23 [watch] src/components/Footer.astro
22:46:24 [WARN] [router] A `getStaticPaths()` route pattern was matched, but no matching static path was found for requested path `/blog/cum-asortezi-pantalonii-bej-pentru-tinute-casual/`.

Possible dynamic routes being matched: src/pages/blog/[...slug].astro, src/pages/[...slug].astro.
22:46:24 [404] /blog/cum-asortezi-pantalonii-bej-pentru-tinute-casual/ 3ms
22:46:31 [watch] src/pages/index.astro
22:46:32 [WARN] [router] A `getStaticPaths()` route pattern was matched, but no matching static path was found for requested path `/blog/cum-asortezi-pantalonii-bej-pentru-tinute-casual/`.

Possible dynamic routes being matched: src/pages/blog/[...slug].astro, src/pages/[...slug].astro.
22:46:32 [404] /blog/cum-asortezi-pantalonii-bej-pentru-tinute-casual/ 2ms
22:48:21 [watch] src/content/blog/01-istoria-pantalonilor-cu-snur/index.md
22:48:21 [watch] src/content/blog/02-pantaloni-cu-snur-barbati-vs-femei/index.md
22:48:21 [watch] src/content/blog/03-materiale-pantaloni-cu-snur/index.md
22:48:21 [watch] src/content/blog/04-pantaloni-cu-snur-pentru-acasa/index.md
22:48:21 [watch] src/content/blog/05-cum-legi-snurul-la-pantaloni/index.md
22:48:21 [watch] src/data/atelierClothingBlogPosts2026.ts
22:48:21 [watch] src/data/competitorInspiredBlogPosts2026.ts
22:48:21 [watch] src/data/contentExpansionBlogPosts.ts
22:48:21 [watch] src/data/questionAnswerBlogPosts2026.ts
22:48:21 [watch] src/data/scheduledBlogPosts.ts
22:48:21 [watch] src/data/seoSite.ts
22:48:21 [watch] src/pages/orase/[slug].astro
22:48:21 [watch] src/pages/faq.astro
22:48:21 [watch] src/pages/ghid-marimi-pantaloni-cu-snur.astro
22:48:21 [watch] src/pages/oversized.astro
22:48:21 [watch] src/pages/404.astro
22:48:21 [watch] src/pages/pantaloni-cu-snur-lung.astro
22:48:21 [watch] src/pages/pantaloni-cu-snur-scurti.astro
22:48:21 [watch] src/pages/politica-retur.astro
22:48:22 [WARN] [router] A `getStaticPaths()` route pattern was matched, but no matching static path was found for requested path `/blog/cum-asortezi-pantalonii-bej-pentru-tinute-casual/`.

Possible dynamic routes being matched: src/pages/blog/[...slug].astro, src/pages/[...slug].astro.
22:48:22 [404] /blog/cum-asortezi-pantalonii-bej-pentru-tinute-casual/ 4ms
22:48:45 [watch] src/content/blog/01-istoria-pantalonilor-cu-snur/index.md
22:48:45 [watch] src/content/blog/02-pantaloni-cu-snur-barbati-vs-femei/index.md
22:48:45 [watch] src/content/blog/03-materiale-pantaloni-cu-snur/index.md
22:48:45 [watch] src/content/blog/04-pantaloni-cu-snur-pentru-acasa/index.md
22:48:45 [watch] src/content/blog/05-cum-legi-snurul-la-pantaloni/index.md
22:48:46 [watch] src/data/contentExpansionBlogPosts.ts
22:48:46 [watch] src/data/seoSite.ts
22:48:46 [watch] src/pages/faq.astro
22:48:46 [watch] src/pages/politica-retur.astro
22:48:46 [WARN] [router] A `getStaticPaths()` route pattern was matched, but no matching static path was found for requested path `/blog/cum-asortezi-pantalonii-bej-pentru-tinute-casual/`.

Possible dynamic routes being matched: src/pages/blog/[...slug].astro, src/pages/[...slug].astro.
22:48:46 [404] /blog/cum-asortezi-pantalonii-bej-pentru-tinute-casual/ 4ms
22:52:37 [watch] src/data/seoSite.ts
22:52:38 [WARN] [router] A `getStaticPaths()` route pattern was matched, but no matching static path was found for requested path `/blog/cum-asortezi-pantalonii-bej-pentru-tinute-casual/`.

Possible dynamic routes being matched: src/pages/blog/[...slug].astro, src/pages/[...slug].astro.
22:52:38 [404] /blog/cum-asortezi-pantalonii-bej-pentru-tinute-casual/ 4ms
22:52:41 [watch] src/data/competitorInspiredBlogPosts2026.ts
22:52:41 [WARN] [router] A `getStaticPaths()` route pattern was matched, but no matching static path was found for requested path `/blog/cum-asortezi-pantalonii-bej-pentru-tinute-casual/`.

Possible dynamic routes being matched: src/pages/blog/[...slug].astro, src/pages/[...slug].astro.
22:52:41 [404] /blog/cum-asortezi-pantalonii-bej-pentru-tinute-casual/ 2ms
22:52:45 [watch] src/data/atelierClothingBlogPosts2026.ts
22:52:45 [WARN] [router] A `getStaticPaths()` route pattern was matched, but no matching static path was found for requested path `/blog/cum-asortezi-pantalonii-bej-pentru-tinute-casual/`.

Possible dynamic routes being matched: src/pages/blog/[...slug].astro, src/pages/[...slug].astro.
22:52:45 [404] /blog/cum-asortezi-pantalonii-bej-pentru-tinute-casual/ 7ms
11:23:26 [WARN] [router] A `getStaticPaths()` route pattern was matched, but no matching static path was found for requested path `/blog/cum-asortezi-pantalonii-bej-pentru-tinute-casual/`.

Possible dynamic routes being matched: src/pages/blog/[...slug].astro, src/pages/[...slug].astro.
11:23:26 [404] /blog/cum-asortezi-pantalonii-bej-pentru-tinute-casual/ 7ms
11:23:52 [watch] src/data/scheduledBlogPosts.ts
11:23:53 [WARN] [router] A `getStaticPaths()` route pattern was matched, but no matching static path was found for requested path `/blog/cum-asortezi-pantalonii-bej-pentru-tinute-casual/`.

Possible dynamic routes being matched: src/pages/blog/[...slug].astro, src/pages/[...slug].astro.
11:23:53 [404] /blog/cum-asortezi-pantalonii-bej-pentru-tinute-casual/ 4ms
11:30:53 [watch] src/data/seoSite.ts
11:30:53 [WARN] [router] A `getStaticPaths()` route pattern was matched, but no matching static path was found for requested path `/blog/cum-asortezi-pantalonii-bej-pentru-tinute-casual/`.

Possible dynamic routes being matched: src/pages/blog/[...slug].astro, src/pages/[...slug].astro.
11:30:53 [404] /blog/cum-asortezi-pantalonii-bej-pentru-tinute-casual/ 6ms
11:31:03 [watch] src/data/contentExpansionBlogPosts.ts
11:31:03 [WARN] [router] A `getStaticPaths()` route pattern was matched, but no matching static path was found for requested path `/blog/cum-asortezi-pantalonii-bej-pentru-tinute-casual/`.

Possible dynamic routes being matched: src/pages/blog/[...slug].astro, src/pages/[...slug].astro.
11:31:03 [404] /blog/cum-asortezi-pantalonii-bej-pentru-tinute-casual/ 6ms
14:22:13 [watch] src/data/blogPagination.ts
14:22:13 [watch] src/data/blogPagination.ts
14:22:14 [WARN] [router] A `getStaticPaths()` route pattern was matched, but no matching static path was found for requested path `/blog/cum-asortezi-pantalonii-bej-pentru-tinute-casual/`.

Possible dynamic routes being matched: src/pages/blog/[...slug].astro, src/pages/[...slug].astro.
14:22:14 [404] /blog/cum-asortezi-pantalonii-bej-pentru-tinute-casual/ 7ms
14:22:24 [watch] /src/styles/global.css
14:41:00 [WARN] [router] A `getStaticPaths()` route pattern was matched, but no matching static path was found for requested path `/blog/cum-asortezi-pantalonii-bej-pentru-tinute-casual/`.

Possible dynamic routes being matched: src/pages/blog/[...slug].astro, src/pages/[...slug].astro.
14:41:00 [404] /blog/cum-asortezi-pantalonii-bej-pentru-tinute-casual/ 10ms
14:42:46 [watch] src/data/seoSite.ts
14:42:47 [WARN] [router] A `getStaticPaths()` route pattern was matched, but no matching static path was found for requested path `/blog/cum-asortezi-pantalonii-bej-pentru-tinute-casual/`.

Possible dynamic routes being matched: src/pages/blog/[...slug].astro, src/pages/[...slug].astro.
14:42:47 [404] /blog/cum-asortezi-pantalonii-bej-pentru-tinute-casual/ 7ms
14:43:48 [watch] src/data/summerFashionAuthorityBlogPosts2026.ts
14:43:48 [WARN] [router] A `getStaticPaths()` route pattern was matched, but no matching static path was found for requested path `/blog/cum-asortezi-pantalonii-bej-pentru-tinute-casual/`.

Possible dynamic routes being matched: src/pages/blog/[...slug].astro, src/pages/[...slug].astro.
14:43:48 [404] /blog/cum-asortezi-pantalonii-bej-pentru-tinute-casual/ 6ms
14:44:04 [watch] src/components/ContentPage.astro
14:44:04 [WARN] [router] A `getStaticPaths()` route pattern was matched, but no matching static path was found for requested path `/blog/cum-asortezi-pantalonii-bej-pentru-tinute-casual/`.

Possible dynamic routes being matched: src/pages/blog/[...slug].astro, src/pages/[...slug].astro.
14:44:04 [404] /blog/cum-asortezi-pantalonii-bej-pentru-tinute-casual/ 2ms
14:44:09 [watch] src/data/summerFashionAuthorityBlogPosts2026.ts
14:44:10 [WARN] [router] A `getStaticPaths()` route pattern was matched, but no matching static path was found for requested path `/blog/cum-asortezi-pantalonii-bej-pentru-tinute-casual/`.

Possible dynamic routes being matched: src/pages/blog/[...slug].astro, src/pages/[...slug].astro.
14:44:10 [404] /blog/cum-asortezi-pantalonii-bej-pentru-tinute-casual/ 7ms
15:50:32 [WARN] [router] A `getStaticPaths()` route pattern was matched, but no matching static path was found for requested path `/blog/cum-asortezi-pantalonii-bej-pentru-tinute-casual/`.

Possible dynamic routes being matched: src/pages/blog/[...slug].astro, src/pages/[...slug].astro.
15:50:32 [404] /blog/cum-asortezi-pantalonii-bej-pentru-tinute-casual/ 7ms
23:31:56 [WARN] [router] A `getStaticPaths()` route pattern was matched, but no matching static path was found for requested path `/blog/cum-asortezi-pantalonii-bej-pentru-tinute-casual/`.

Possible dynamic routes being matched: src/pages/blog/[...slug].astro, src/pages/[...slug].astro.
23:31:56 [404] /blog/cum-asortezi-pantalonii-bej-pentru-tinute-casual/ 14ms
23:55:37 [200] / 6ms
00:05:10 [watch] src/data/editorialImagePrompts.ts
00:05:11 [WARN] [router] A `getStaticPaths()` route pattern was matched, but no matching static path was found for requested path `/blog/cum-asortezi-pantalonii-bej-pentru-tinute-casual/`.

Possible dynamic routes being matched: src/pages/blog/[...slug].astro, src/pages/[...slug].astro.
00:05:11 [404] /blog/cum-asortezi-pantalonii-bej-pentru-tinute-casual/ 3ms
00:06:53 [watch] src/data/seoSite.ts
00:06:54 [WARN] [router] A `getStaticPaths()` route pattern was matched, but no matching static path was found for requested path `/blog/cum-asortezi-pantalonii-bej-pentru-tinute-casual/`.

Possible dynamic routes being matched: src/pages/blog/[...slug].astro, src/pages/[...slug].astro.
00:06:54 [404] /blog/cum-asortezi-pantalonii-bej-pentru-tinute-casual/ 3ms
09:04:09 [WARN] [router] A `getStaticPaths()` route pattern was matched, but no matching static path was found for requested path `/blog/cum-asortezi-pantalonii-bej-pentru-tinute-casual/`.

Possible dynamic routes being matched: src/pages/blog/[...slug].astro, src/pages/[...slug].astro.
09:04:09 [404] /blog/cum-asortezi-pantalonii-bej-pentru-tinute-casual/ 15ms
09:06:38 [watch] src/data/editorialImagePrompts.ts
09:06:39 [WARN] [router] A `getStaticPaths()` route pattern was matched, but no matching static path was found for requested path `/blog/cum-asortezi-pantalonii-bej-pentru-tinute-casual/`.

Possible dynamic routes being matched: src/pages/blog/[...slug].astro, src/pages/[...slug].astro.
09:06:40 [404] /blog/cum-asortezi-pantalonii-bej-pentru-tinute-casual/ 6ms
09:07:08 [watch] src/components/ContentPage.astro
09:07:09 [WARN] [router] A `getStaticPaths()` route pattern was matched, but no matching static path was found for requested path `/blog/cum-asortezi-pantalonii-bej-pentru-tinute-casual/`.

Possible dynamic routes being matched: src/pages/blog/[...slug].astro, src/pages/[...slug].astro.
09:07:09 [404] /blog/cum-asortezi-pantalonii-bej-pentru-tinute-casual/ 2ms
09:07:33 [watch] src/pages/blog/index.astro
09:07:33 [WARN] [router] A `getStaticPaths()` route pattern was matched, but no matching static path was found for requested path `/blog/cum-asortezi-pantalonii-bej-pentru-tinute-casual/`.

Possible dynamic routes being matched: src/pages/blog/[...slug].astro, src/pages/[...slug].astro.
09:07:33 [404] /blog/cum-asortezi-pantalonii-bej-pentru-tinute-casual/ 3ms
09:08:25 [watch] src/pages/blog/page/[page].astro
09:08:25 [WARN] [router] A `getStaticPaths()` route pattern was matched, but no matching static path was found for requested path `/blog/cum-asortezi-pantalonii-bej-pentru-tinute-casual/`.

Possible dynamic routes being matched: src/pages/blog/[...slug].astro, src/pages/[...slug].astro.
09:08:25 [404] /blog/cum-asortezi-pantalonii-bej-pentru-tinute-casual/ 3ms
09:10:33 [watch] src/data/editorialImagePrompts.ts
09:10:35 [WARN] [router] A `getStaticPaths()` route pattern was matched, but no matching static path was found for requested path `/blog/cum-asortezi-pantalonii-bej-pentru-tinute-casual/`.

Possible dynamic routes being matched: src/pages/blog/[...slug].astro, src/pages/[...slug].astro.
09:10:35 [404] /blog/cum-asortezi-pantalonii-bej-pentru-tinute-casual/ 3ms
09:17:55 [watch] src/data/editorialImagePrompts.ts
09:18:03 [WARN] [router] A `getStaticPaths()` route pattern was matched, but no matching static path was found for requested path `/blog/cum-asortezi-pantalonii-bej-pentru-tinute-casual/`.

Possible dynamic routes being matched: src/pages/blog/[...slug].astro, src/pages/[...slug].astro.
09:18:03 [404] /blog/cum-asortezi-pantalonii-bej-pentru-tinute-casual/ 3ms
09:21:11 [watch] src/data/editorialImagePrompts.ts
09:21:19 [WARN] [router] A `getStaticPaths()` route pattern was matched, but no matching static path was found for requested path `/blog/cum-asortezi-pantalonii-bej-pentru-tinute-casual/`.

Possible dynamic routes being matched: src/pages/blog/[...slug].astro, src/pages/[...slug].astro.
09:21:19 [404] /blog/cum-asortezi-pantalonii-bej-pentru-tinute-casual/ 6ms
11:01:02 [watch] src/data/seoSite.ts
11:01:10 [WARN] [router] A `getStaticPaths()` route pattern was matched, but no matching static path was found for requested path `/blog/cum-asortezi-pantalonii-bej-pentru-tinute-casual/`.

Possible dynamic routes being matched: src/pages/blog/[...slug].astro, src/pages/[...slug].astro.
11:01:10 [404] /blog/cum-asortezi-pantalonii-bej-pentru-tinute-casual/ 3ms
11:03:51 [watch] src/data/seoSite.ts
11:03:59 [WARN] [router] A `getStaticPaths()` route pattern was matched, but no matching static path was found for requested path `/blog/cum-asortezi-pantalonii-bej-pentru-tinute-casual/`.

Possible dynamic routes being matched: src/pages/blog/[...slug].astro, src/pages/[...slug].astro.
11:03:59 [404] /blog/cum-asortezi-pantalonii-bej-pentru-tinute-casual/ 3ms
11:07:35 [watch] src/data/seoSite.ts
11:07:43 [WARN] [router] A `getStaticPaths()` route pattern was matched, but no matching static path was found for requested path `/blog/cum-asortezi-pantalonii-bej-pentru-tinute-casual/`.

Possible dynamic routes being matched: src/pages/blog/[...slug].astro, src/pages/[...slug].astro.
11:07:43 [404] /blog/cum-asortezi-pantalonii-bej-pentru-tinute-casual/ 3ms
16:37:07 [WARN] [router] A `getStaticPaths()` route pattern was matched, but no matching static path was found for requested path `/blog/cum-asortezi-pantalonii-bej-pentru-tinute-casual/`.

Possible dynamic routes being matched: src/pages/blog/[...slug].astro, src/pages/[...slug].astro.
16:37:07 [404] /blog/cum-asortezi-pantalonii-bej-pentru-tinute-casual/ 161ms
18:28:53 [WARN] [router] A `getStaticPaths()` route pattern was matched, but no matching static path was found for requested path `/blog/cum-asortezi-pantalonii-bej-pentru-tinute-casual/`.

Possible dynamic routes being matched: src/pages/blog/[...slug].astro, src/pages/[...slug].astro.
18:28:53 [404] /blog/cum-asortezi-pantalonii-bej-pentru-tinute-casual/ 16ms
